// Jest Snapshot v1, https://goo.gl/fbAQLP

exports[`Cart checkout() should return an object with the total and the list of item 1`] = `
{
  "items": [
    {
      "product": {
        "price": 35388,
        "title": "Adidas Running Shoes - man",
      },
      "quantity": 5,
    },
    {
      "product": {
        "price": 41872,
        "title": "Adidas Running Shoes - woman",
      },
      "quantity": 3,
    },
  ],
  "total": 302556,
}
`;

exports[`Cart checkout() should return an object with the total and the list of items when summary() is called 1`] = `
{
  "items": [
    {
      "product": {
        "price": 35388,
        "title": "Adidas Running Shoes - man",
      },
      "quantity": 5,
    },
    {
      "product": {
        "price": 41872,
        "title": "Adidas Running Shoes - woman",
      },
      "quantity": 3,
    },
  ],
  "total": 302556,
}
`;
